Microchip MPLAB XC8 Compiler V2.36

Linker command line:

-W-3 --edf=C:\Program Files\Microchip\xc8\v2.36\pic\dat\en_msgs.txt -cn \
  -h+dist/default/production\test4.X.production.sym \
  --cmf=dist/default/production\test4.X.production.cmf -z -Q18F4580 \
  -oC:\Users\ADMIN\AppData\Local\Temp\xcAsbuc.4 --defsym=__MPLAB_BUILD=1 \
  -Mdist/default/production/test4.X.production.map \
  --md=C:\Users\ADMIN\AppData\Local\Temp\xcAsbuc.dat -E1 -ver=XC8 Compiler \
  --acfsm=1493 -ACODE=00h-03000h -ACONST=00h-03000h \
  -ASMALLCONST=0600h-06FFhx42,03000h-03000h -AMEDIUMCONST=0600h-03000h \
  -ACOMRAM=01h-05Fh -AABS1=00h-05FFh -ABIGRAM=01h-05FFh \
  -ARAM=060h-0FFh,0100h-01FFhx5 -ABANK0=060h-0FFh -ABANK1=0100h-01FFh \
  -ABANK2=0200h-02FFh -ABANK3=0300h-03FFh -ABANK4=0400h-04FFh \
  -ABANK5=0500h-05FFh -ASFR=0D00h-0DFFhx2,0F00h-0F5Fh,0F60h-0FFFh \
  -ABIGSFR=0D00h-0FFFh -ACONFIG=0300000h-030000Dh -AIDLOC=0200000h-0200007h \
  -AEEDATA=0F00000h-0F000FFh -peeprom_data=EEDATA \
  -preset_vec=00h,intcode,intcodelo,powerup,init -pramtop=0600h \
  -psmallconst=SMALLCONST -pmediumconst=MEDIUMCONST -pconst=CONST \
  -AFARRAM=00h-00h \
  -prdata=COMRAM,nvrram=COMRAM,nvbit=COMRAM,rbss=COMRAM,rbit=COMRAM \
  -pfarbss=FARRAM,fardata=FARRAM,nvFARRAM=FARRAM \
  -pintsave_regs=BIGRAM,bigbss=BIGRAM,bigdata=BIGRAM -pbss=RAM \
  -pidata=CODE,irdata=CODE,ibigdata=CODE,ifardata=CODE -prparam=COMRAM \
  C:\Users\ADMIN\AppData\Local\Temp\xcAsbuc.o \
  dist/default/production\test4.X.production.o 

Object code version is 3.11

Machine type is 18F4580



                Name                               Link     Load   Length Selector   Space Scale
C:\Users\ADMIN\AppData\Local\Temp\xcAsbuc.o
                idloc                            200000   200000        8        0       5
                config                           300000   300000        E        0       4
                init                                  0        0        4        0       0
dist/default/production\test4.X.production.o
                idloc                            200000   200000        8        0       5
                config                           300000   300000        E        0       4
                mediumconst                        2EDC     2EDC      124     176E       0
                text34                              8DC      8DC       C4      46E       0
                text33                              82C      82C       B0      416       0
                text32                             10FC     10FC      4C0      87E       0
                text31                              D62      D62      39A      6B1       0
                text30                              9A0      9A0      106      4D0       0
                text29                              4C0      4C0       64      260       0
                text28                              2FA      2FA       26      17D       0
                text27                              BAE      BAE      1B4      5D7       0
                text26                              3A2      3A2       3A      1D1       0
                text25                              524      524       6C      292       0
                text24                              288      288       18      144       0
                text23                              2DA      2DA       20      16D       0
                text22                              784      784       A8      3C2       0
                text21                              246      246       16      123       0
                text20                              222      222       12      111       0
                text19                              374      374       2E      1BA       0
                text18                              25C      25C       16      12E       0
                text17                              272      272       16      139       0
                text16                              462      462       5E      231       0
                text15                              41C      41C       46      20E       0
                text14                              234      234       12      11A       0
                text13                              1EE      1EE        8       F7       0
                text12                              1F6      1F6        8       FB       0
                text11                              1FE      1FE        8       FF       0
                text10                              206      206        8      103       0
                text9                               20E      20E        8      107       0
                text8                               216      216        C      10B       0
                text7                               320      320       2A      190       0
                text6                               34A      34A       2A      1A5       0
                text5                               AA6      AA6      108      553       0
                text4                               66E      66E       76      337       0
                text3                               590      590       6C      2C8       0
                text2                               2BC      2BC       1E      15E       0
                text1                               3DC      3DC       40      1EE       0
                text0                              15BC     15BC     1920      ADE       0
                cstackCOMRAM                          1        1       4A        1       1
                cstackBANK0                          BC       BC       34       60       1
                dataBANK2                           200      200       72      200       1
                dataBANK1                           1AA      1AA       1B      100       1
                bssBANK1                            100      100       AA      100       1
                dataBANK0                            F0       F0        5       60       1
                bssBANK0                             60       60       5C       60       1
                dataCOMRAM                           5E       5E        1        1       1
                bssCOMRAM                            4B       4B       13        1       1
                cinit                               6E4      6E4       A0      372       0
                idataBANK2                          5FC      5FC       72      5FC       0
                idataBANK1                          2A1      2A1       1B      2A1       0
                idataBANK0                          1E9      1E9        5      1E9       0
                idataCOMRAM                        3000     3000        1     3000       0

TOTAL           Name                               Link     Load   Length     Space
        CLASS   CODE           
                init                                  0        0        4         0
                text34                              8DC      8DC       C4         0
                text33                              82C      82C       B0         0
                text32                             10FC     10FC      4C0         0
                text31                              D62      D62      39A         0
                text30                              9A0      9A0      106         0
                text29                              4C0      4C0       64         0
                text28                              2FA      2FA       26         0
                text27                              BAE      BAE      1B4         0
                text26                              3A2      3A2       3A         0
                text25                              524      524       6C         0
                text24                              288      288       18         0
                text23                              2DA      2DA       20         0
                text22                              784      784       A8         0
                text21                              246      246       16         0
                text20                              222      222       12         0
                text19                              374      374       2E         0
                text18                              25C      25C       16         0
                text17                              272      272       16         0
                text16                              462      462       5E         0
                text15                              41C      41C       46         0
                text14                              234      234       12         0
                text13                              1EE      1EE        8         0
                text12                              1F6      1F6        8         0
                text11                              1FE      1FE        8         0
                text10                              206      206        8         0
                text9                               20E      20E        8         0
                text8                               216      216        C         0
                text7                               320      320       2A         0
                text6                               34A      34A       2A         0
                text5                               AA6      AA6      108         0
                text4                               66E      66E       76         0
                text3                               590      590       6C         0
                text2                               2BC      2BC       1E         0
                text1                               3DC      3DC       40         0
                text0                              15BC     15BC     1920         0
                cinit                               6E4      6E4       A0         0
                idataBANK2                          5FC      5FC       72         0
                idataBANK1                          2A1      2A1       1B         0
                idataBANK0                          1E9      1E9        5         0
                idataCOMRAM                        3000     3000        1         0

        CLASS   CONST          

        CLASS   SMALLCONST     

        CLASS   MEDIUMCONST    
                mediumconst                        2EDC     2EDC      124         0

        CLASS   COMRAM         
                cstackCOMRAM                          1        1       4A         1
                dataCOMRAM                           5E       5E        1         1
                bssCOMRAM                            4B       4B       13         1

        CLASS   ABS1           

        CLASS   BIGRAM         

        CLASS   RAM            

        CLASS   BANK0          
                cstackBANK0                          BC       BC       34         1
                dataBANK0                            F0       F0        5         1
                bssBANK0                             60       60       5C         1

        CLASS   BANK1          
                dataBANK1                           1AA      1AA       1B         1
                bssBANK1                            100      100       AA         1

        CLASS   BANK2          
                dataBANK2                           200      200       72         1

        CLASS   BANK3          

        CLASS   BANK4          

        CLASS   BANK5          

        CLASS   SFR            

        CLASS   BIGSFR         

        CLASS   CONFIG         
                config                           300000   300000        E         4

        CLASS   IDLOC          
                idloc                            200000   200000        8         5

        CLASS   EEDATA         

        CLASS   FARRAM         

        CLASS   HEAP           

        CLASS   STACK          



SEGMENTS        Name                           Load    Length   Top    Selector   Space  Class

                reset_vec                      000000  000004  000004         0       0  CODE    
                cstackCOMRAM                   000001  00005E  00005F         1       1  COMRAM  
                bssBANK0                       000060  000095  0000F5        60       1  BANK0   
                bssBANK1                       000100  0000C5  0001C5       100       1  BANK1   
                idataBANK0                     0001E9  000005  0001EE       1E9       0  CODE    
                text13                         0001EE  000008  0001F6        F7       0  CODE    
                text12                         0001F6  000008  0001FE        FB       0  CODE    
                text11                         0001FE  000008  000206        FF       0  CODE    
                dataBANK2                      000200  000072  000272       200       1  BANK2   
                text10                         000206  000008  00020E       103       0  CODE    
                text9                          00020E  000008  000216       107       0  CODE    
                text8                          000216  00000C  000222       10B       0  CODE    
                text20                         000222  000012  000234       111       0  CODE    
                text14                         000234  000012  000246       11A       0  CODE    
                text21                         000246  000016  00025C       123       0  CODE    
                text18                         00025C  000016  000272       12E       0  CODE    
                text17                         000272  000016  000288       139       0  CODE    
                text24                         000288  000018  0002A0       144       0  CODE    
                idataBANK1                     0002A1  00001B  0002BC       2A1       0  CODE    
                text2                          0002BC  00001E  0002DA       15E       0  CODE    
                text23                         0002DA  000020  0002FA       16D       0  CODE    
                text28                         0002FA  000026  000320       17D       0  CODE    
                text7                          000320  00002A  00034A       190       0  CODE    
                text6                          00034A  00002A  000374       1A5       0  CODE    
                text19                         000374  00002E  0003A2       1BA       0  CODE    
                text26                         0003A2  00003A  0003DC       1D1       0  CODE    
                text1                          0003DC  000040  00041C       1EE       0  CODE    
                text15                         00041C  000046  000462       20E       0  CODE    
                text16                         000462  00005E  0004C0       231       0  CODE    
                text29                         0004C0  000064  000524       260       0  CODE    
                text25                         000524  00006C  000590       292       0  CODE    
                text3                          000590  00006C  0005FC       2C8       0  CODE    
                idataBANK2                     0005FC  000072  00066E       5FC       0  CODE    
                text4                          00066E  000076  0006E4       337       0  CODE    
                cinit                          0006E4  0000A0  000784       372       0  CODE    
                text22                         000784  0000A8  00082C       3C2       0  CODE    
                text33                         00082C  0000B0  0008DC       416       0  CODE    
                text34                         0008DC  0000C4  0009A0       46E       0  CODE    
                text30                         0009A0  000106  000AA6       4D0       0  CODE    
                text5                          000AA6  000108  000BAE       553       0  CODE    
                text27                         000BAE  0001B4  000D62       5D7       0  CODE    
                text31                         000D62  00039A  0010FC       6B1       0  CODE    
                text32                         0010FC  0004C0  0015BC       87E       0  CODE    
                text0                          0015BC  001920  002EDC       ADE       0  CODE    
                mediumconst                    002EDC  000124  003000      176E       0  MEDIUMCO
                idataCOMRAM                    003000  000001  003001      3000       0  CODE    


UNUSED ADDRESS RANGES

        Name                Unused          Largest block    Delta
        BANK0            0000F5-0000FF                B
        BANK1            0001C5-0001FF               3B
        BANK2            000272-0002FF               8E
        BANK3            000300-0003FF              100
        BANK4            000400-0004FF              100
        BANK5            000500-0005FF              100
        BIGRAM           00005F-00005F                1
                         0000F5-0000FF                B
                         0001C5-0001FF               3B
                         000272-0005FF              38E
        BIGSFR           000D00-000FFF              300
        CODE             000004-0001E8              1E5
                         0002A0-0002A0                1
        COMRAM           00005F-00005F                1
        CONST            000004-0001E8              1E5
                         0002A0-0002A0                1
        EEDATA           F00000-F000FF              100
        RAM              0000F5-0000FF                B
                         0001C5-0001FF               3B
                         000272-0005FF              100
        SFR              000D00-000FFF              100

                                  Symbol Table

?___awdiv                    cstackCOMRAM 000001
?___awmod                    cstackCOMRAM 000009
?___fladd                    cstackCOMRAM 00002F
?___fldiv                    cstackCOMRAM 000016
?___fltol                    cstackCOMRAM 00003F
?___lwmod                    cstackCOMRAM 000001
?___wmul                     cstackCOMRAM 000001
?___xxtofl                   cstackCOMRAM 000008
?_read_adc                   cstackCOMRAM 000001
?_strcmp                     cstackCOMRAM 000001
_ABDEN                       (abs)        007DC0
_ACKDT                       (abs)        007E2D
_ACKEN                       (abs)        007E2C
_ACKSTAT                     (abs)        007E2E
_ACQT0                       (abs)        007E03
_ACQT1                       (abs)        007E04
_ACQT2                       (abs)        007E05
_ADCON0                      (abs)        000FC2
_ADCON1                      (abs)        000FC1
_ADCS0                       (abs)        007E00
_ADCS1                       (abs)        007E01
_ADCS2                       (abs)        007E02
_ADDEN                       (abs)        007D5B
_ADFM                        (abs)        007E07
_ADON                        (abs)        007E10
_ADRESH                      (abs)        000FC4
_ADRESL                      (abs)        000FC3
_BCLIF                       (abs)        007D0B
_BRG16                       (abs)        007DC3
_BRGH                        (abs)        007D62
_CKE                         (abs)        007E3E
_CREN                        (abs)        007D5C
_EEADR                       (abs)        000FA9
_EECON1bits                  (abs)        000FA6
_EECON2                      (abs)        000FA7
_EEDATA                      (abs)        000FA8
_FERR                        (abs)        007D5A
_GIE                         (abs)        007F97
_GO                          (abs)        007E11
_GODONE                      (abs)        007E11
_OERR                        (abs)        007D59
_PEN                         (abs)        007E2A
_PIR2bits                    (abs)        000FA1
_PORTB                       (abs)        000F81
_PORTBbits                   (abs)        000F81
_PORTD                       (abs)        000F83
_RBPU                        (abs)        007F8F
_RC0                         (abs)        007C10
_RC1                         (abs)        007C11
_RC2                         (abs)        007C12
_RCEN                        (abs)        007E2B
_RCIDL                       (abs)        007DC6
_RCIE                        (abs)        007CED
_RCIF                        (abs)        007CF5
_RCREG                       (abs)        000FAE
_RD7                         (abs)        007C1F
_RSEN                        (abs)        007E29
_RX9                         (abs)        007D5E
_RX9D                        (abs)        007D58
_SCKP                        (abs)        007DC4
_SEN                         (abs)        007E28
_SMP                         (abs)        007E3F
_SPBRG                       (abs)        000FAF
_SPEN                        (abs)        007D5F
_SREN                        (abs)        007D5D
_SSPADD                      (abs)        000FC8
_SSPBUF                      (abs)        000FC9
_SSPCON1                     (abs)        000FC6
_SSPIF                       (abs)        007CF3
_TRISB                       (abs)        000F93
_TRISC                       (abs)        000F94
_TRISC3                      (abs)        007CA3
_TRISC4                      (abs)        007CA4
_TRISC6                      (abs)        007CA6
_TRISC7                      (abs)        007CA7
_TRISD                       (abs)        000F95
_TRISD7                      (abs)        007CAF
_TXEN                        (abs)        007D65
_TXIF                        (abs)        007CF4
_TXREG                       (abs)        000FAD
_VCFG0                       (abs)        007E0C
_VCFG1                       (abs)        007E0D
_WUE                         (abs)        007DC1
__HRAM                       (abs)        000000
__Habs1                      abs1         000000
__Hbank0                     bank0        000000
__Hbank1                     bank1        000000
__Hbank2                     bank2        000000
__Hbank3                     bank3        000000
__Hbank4                     bank4        000000
__Hbank5                     bank5        000000
__Hbigbss                    bigbss       000000
__Hbigdata                   bigdata      000000
__Hbigram                    bigram       000000
__Hbigsfr                    bigsfr       000000
__Hbss                       bss          000000
__HbssBANK0                  bssBANK0     000000
__HbssBANK1                  bssBANK1     000000
__HbssCOMRAM                 bssCOMRAM    000000
__Hcinit                     cinit        000000
__Hclrtext                   clrtext      000000
__Hcomram                    comram       000000
__Hconfig                    config       30000E
__Hconst                     const        000000
__HcstackBANK0               cstackBANK0  000000
__HcstackCOMRAM              cstackCOMRAM 000000
__Hdata                      data         000000
__HdataBANK0                 dataBANK0    000000
__HdataBANK1                 dataBANK1    000000
__HdataBANK2                 dataBANK2    000000
__HdataCOMRAM                dataCOMRAM   000000
__Heeprom_data               eeprom_data  000000
__Hfarbss                    farbss       000000
__Hfardata                   fardata      000000
__Hheap                      heap         000000
__Hibigdata                  ibigdata     000000
__Hidata                     idata        000000
__HidataBANK0                idataBANK0   000000
__HidataBANK1                idataBANK1   000000
__HidataBANK2                idataBANK2   000000
__HidataCOMRAM               idataCOMRAM  000000
__Hidloc                     idloc        200008
__Hifardata                  ifardata     000000
__Hinit                      init         000004
__Hintcode                   intcode      000000
__Hintcode_body              intcode_body 000000
__Hintcodelo                 intcodelo    000000
__Hintentry                  intentry     000000
__Hintret                    intret       000000
__Hintsave_regs              intsave_regs 000000
__Hirdata                    irdata       000000
__Hmediumconst               mediumconst  003000
__HnvFARRAM                  nvFARRAM     000000
__Hnvbit                     nvbit        000000
__Hnvrram                    nvrram       000000
__Hparam                     rparam       000000
__Hpowerup                   powerup      000000
__Hram                       ram          000000
__Hramtop                    ramtop       000600
__Hrbit                      rbit         000000
__Hrbss                      rbss         000000
__Hrdata                     rdata        000000
__Hreset_vec                 reset_vec    000000
__Hrparam                    rparam       000000
__Hsfr                       sfr          000000
__Hsmallconst                smallconst   000000
__Hspace_0                   (abs)        003001
__Hspace_1                   (abs)        000272
__Hspace_2                   (abs)        000000
__Hspace_4                   (abs)        60000E
__Hstack                     stack        000000
__Hstruct                    struct       000000
__Htemp                      temp         000000
__Htext                      text         000000
__Htext0                     text0        000000
__Htext1                     text1        000000
__Htext10                    text10       000000
__Htext11                    text11       000000
__Htext12                    text12       000000
__Htext13                    text13       000000
__Htext14                    text14       000000
__Htext15                    text15       000000
__Htext16                    text16       000000
__Htext17                    text17       000000
__Htext18                    text18       000000
__Htext19                    text19       000000
__Htext2                     text2        000000
__Htext20                    text20       000000
__Htext21                    text21       000000
__Htext22                    text22       000000
__Htext23                    text23       000000
__Htext24                    text24       000000
__Htext25                    text25       000000
__Htext26                    text26       000000
__Htext27                    text27       000000
__Htext28                    text28       000000
__Htext29                    text29       000000
__Htext3                     text3        000000
__Htext30                    text30       000000
__Htext31                    text31       000000
__Htext32                    text32       000000
__Htext33                    text33       000000
__Htext34                    text34       000000
__Htext4                     text4        000000
__Htext5                     text5        000000
__Htext6                     text6        000000
__Htext7                     text7        000000
__Htext8                     text8        000000
__Htext9                     text9        000000
__LRAM                       (abs)        000001
__Labs1                      abs1         000000
__Lbank0                     bank0        000000
__Lbank1                     bank1        000000
__Lbank2                     bank2        000000
__Lbank3                     bank3        000000
__Lbank4                     bank4        000000
__Lbank5                     bank5        000000
__Lbigbss                    bigbss       000000
__Lbigdata                   bigdata      000000
__Lbigram                    bigram       000000
__Lbigsfr                    bigsfr       000000
__Lbss                       bss          000000
__LbssBANK0                  bssBANK0     000000
__LbssBANK1                  bssBANK1     000000
__LbssCOMRAM                 bssCOMRAM    000000
__Lcinit                     cinit        000000
__Lclrtext                   clrtext      000000
__Lcomram                    comram       000000
__Lconfig                    config       000000
__Lconst                     const        000000
__LcstackBANK0               cstackBANK0  000000
__LcstackCOMRAM              cstackCOMRAM 000000
__Ldata                      data         000000
__LdataBANK0                 dataBANK0    000000
__LdataBANK1                 dataBANK1    000000
__LdataBANK2                 dataBANK2    000000
__LdataCOMRAM                dataCOMRAM   000000
__Leeprom_data               eeprom_data  000000
__Lfarbss                    farbss       000000
__Lfardata                   fardata      000000
__Lheap                      heap         000000
__Libigdata                  ibigdata     000000
__Lidata                     idata        000000
__LidataBANK0                idataBANK0   000000
__LidataBANK1                idataBANK1   000000
__LidataBANK2                idataBANK2   000000
__LidataCOMRAM               idataCOMRAM  000000
__Lidloc                     idloc        000000
__Lifardata                  ifardata     000000
__Linit                      init         000000
__Lintcode                   intcode      000000
__Lintcode_body              intcode_body 000000
__Lintcodelo                 intcodelo    000000
__Lintentry                  intentry     000000
__Lintret                    intret       000000
__Lintsave_regs              intsave_regs 000000
__Lirdata                    irdata       000000
__Lmediumconst               mediumconst  002EDC
__LnvFARRAM                  nvFARRAM     000000
__Lnvbit                     nvbit        000000
__Lnvrram                    nvrram       000000
__Lparam                     rparam       000000
__Lpowerup                   powerup      000000
__Lram                       ram          000000
__Lramtop                    ramtop       000600
__Lrbit                      rbit         000000
__Lrbss                      rbss         000000
__Lrdata                     rdata        000000
__Lreset_vec                 reset_vec    000000
__Lrparam                    rparam       000000
__Lsfr                       sfr          000000
__Lsmallconst                smallconst   000000
__Lspace_0                   (abs)        000000
__Lspace_1                   (abs)        000000
__Lspace_2                   (abs)        000000
__Lspace_4                   (abs)        000000
__Lstack                     stack        000000
__Lstruct                    struct       000000
__Ltemp                      temp         000000
__Ltext                      text         000000
__Ltext0                     text0        000000
__Ltext1                     text1        000000
__Ltext10                    text10       000000
__Ltext11                    text11       000000
__Ltext12                    text12       000000
__Ltext13                    text13       000000
__Ltext14                    text14       000000
__Ltext15                    text15       000000
__Ltext16                    text16       000000
__Ltext17                    text17       000000
__Ltext18                    text18       000000
__Ltext19                    text19       000000
__Ltext2                     text2        000000
__Ltext20                    text20       000000
__Ltext21                    text21       000000
__Ltext22                    text22       000000
__Ltext23                    text23       000000
__Ltext24                    text24       000000
__Ltext25                    text25       000000
__Ltext26                    text26       000000
__Ltext27                    text27       000000
__Ltext28                    text28       000000
__Ltext29                    text29       000000
__Ltext3                     text3        000000
__Ltext30                    text30       000000
__Ltext31                    text31       000000
__Ltext32                    text32       000000
__Ltext33                    text33       000000
__Ltext34                    text34       000000
__Ltext4                     text4        000000
__Ltext5                     text5        000000
__Ltext6                     text6        000000
__Ltext7                     text7        000000
__Ltext8                     text8        000000
__Ltext9                     text9        000000
__S0                         (abs)        003001
__S1                         (abs)        000272
__S4                         (abs)        000000
__S5                         (abs)        000000
___awdiv                     text34       0008DC
___awdiv@counter             cstackCOMRAM 000005
___awdiv@dividend            cstackCOMRAM 000001
___awdiv@divisor             cstackCOMRAM 000003
___awdiv@quotient            cstackCOMRAM 000007
___awdiv@sign                cstackCOMRAM 000006
___awmod                     text33       00082C
___awmod@counter             cstackCOMRAM 00000D
___awmod@dividend            cstackCOMRAM 000009
___awmod@divisor             cstackCOMRAM 00000B
___awmod@sign                cstackCOMRAM 00000E
___fladd                     text32       0010FC
___fladd@a                   cstackCOMRAM 000033
___fladd@aexp                cstackCOMRAM 00003C
___fladd@b                   cstackCOMRAM 00002F
___fladd@bexp                cstackCOMRAM 00003D
___fladd@grs                 cstackCOMRAM 00003E
___fladd@signs               cstackCOMRAM 00003B
___fldiv                     text31       000D62
___fldiv@a                   cstackCOMRAM 00001A
___fldiv@aexp                cstackCOMRAM 00002E
___fldiv@b                   cstackCOMRAM 000016
___fldiv@bexp                cstackCOMRAM 00002D
___fldiv@grs                 cstackCOMRAM 000029
___fldiv@new_exp             cstackCOMRAM 000027
___fldiv@rem                 cstackCOMRAM 000022
___fldiv@sign                cstackCOMRAM 000026
___fltol                     text30       0009A0
___fltol@exp1                cstackCOMRAM 000048
___fltol@f1                  cstackCOMRAM 00003F
___fltol@sign1               cstackCOMRAM 000047
___heap_hi                   (abs)        000000
___heap_lo                   (abs)        000000
___inthi_sp                  stack        000000
___intlo_sp                  stack        000000
___lwmod                     text29       0004C0
___lwmod@counter             cstackCOMRAM 000005
___lwmod@dividend            cstackCOMRAM 000001
___lwmod@divisor             cstackCOMRAM 000003
___param_bank                (abs)        000000
___rparam_used               (abs)        000001
___sp                        stack        000000
___wmul                      text28       0002FA
___wmul@multiplicand         cstackCOMRAM 000003
___wmul@multiplier           cstackCOMRAM 000001
___wmul@product              cstackCOMRAM 000005
___xxtofl                    text27       000BAE
___xxtofl@arg                cstackCOMRAM 000012
___xxtofl@exp                cstackCOMRAM 000011
___xxtofl@sign               cstackCOMRAM 000010
___xxtofl@val                cstackCOMRAM 000008
__accesstop                  (abs)        000060
__activetblptr               (abs)        000002
__end_of___awdiv             text34       0009A0
__end_of___awmod             text33       0008DC
__end_of___fladd             text32       0015BC
__end_of___fldiv             text31       0010FC
__end_of___fltol             text30       000AA6
__end_of___lwmod             text29       000524
__end_of___wmul              text28       000320
__end_of___xxtofl            text27       000D62
__end_of__initialization     cinit        00077A
__end_of_clcd_print          text25       000590
__end_of_clcd_putch          text24       0002A0
__end_of_clcd_write          text26       0003DC
__end_of_i2c_idle            text14       000246
__end_of_i2c_read            text12       0001FE
__end_of_i2c_rep_start       text11       000206
__end_of_i2c_rx_mode         text13       0001F6
__end_of_i2c_start           text10       00020E
__end_of_i2c_stop            text9        000216
__end_of_i2c_write           text8        000222
__end_of_init_adc            text23       0002FA
__end_of_init_clcd           text22       00082C
__end_of_init_config         text18       000272
__end_of_init_i2c            text21       00025C
__end_of_init_matrix_keypad  text20       000234
__end_of_init_uart           text19       0003A2
__end_of_main                text0        002EDC
__end_of_putch               text17       000288
__end_of_puts                text16       0004C0
__end_of_read_adc            text15       000462
__end_of_read_ds1307         text7        00034A
__end_of_read_ext_eeprom     text6        000374
__end_of_read_switches       text4        0006E4
__end_of_scan_key            text5        000BAE
__end_of_strcmp              text3        0005FC
__end_of_write_ds1307        text2        0002DA
__end_of_write_exp_eeprom    text1        00041C
__initialization             cinit        0006E4
__mediumconst                mediumconst  002EDC
__pbssBANK0                  bssBANK0     000060
__pbssBANK1                  bssBANK1     000100
__pbssCOMRAM                 bssCOMRAM    00004B
__pcinit                     cinit        0006E4
__pcstackBANK0               cstackBANK0  0000BC
__pcstackCOMRAM              cstackCOMRAM 000001
__pdataBANK0                 dataBANK0    0000F0
__pdataBANK1                 dataBANK1    0001AA
__pdataBANK2                 dataBANK2    000200
__pdataCOMRAM                dataCOMRAM   00005E
__pidataBANK0                idataBANK0   0001E9
__pidataBANK1                idataBANK1   0002A1
__pidataBANK2                idataBANK2   0005FC
__pidataCOMRAM               idataCOMRAM  003000
__pmediumconst               mediumconst  002EDC
__ptext0                     text0        0015BC
__ptext1                     text1        0003DC
__ptext10                    text10       000206
__ptext11                    text11       0001FE
__ptext12                    text12       0001F6
__ptext13                    text13       0001EE
__ptext14                    text14       000234
__ptext15                    text15       00041C
__ptext16                    text16       000462
__ptext17                    text17       000272
__ptext18                    text18       00025C
__ptext19                    text19       000374
__ptext2                     text2        0002BC
__ptext20                    text20       000222
__ptext21                    text21       000246
__ptext22                    text22       000784
__ptext23                    text23       0002DA
__ptext24                    text24       000288
__ptext25                    text25       000524
__ptext26                    text26       0003A2
__ptext27                    text27       000BAE
__ptext28                    text28       0002FA
__ptext29                    text29       0004C0
__ptext3                     text3        000590
__ptext30                    text30       0009A0
__ptext31                    text31       000D62
__ptext32                    text32       0010FC
__ptext33                    text33       00082C
__ptext34                    text34       0008DC
__ptext4                     text4        00066E
__ptext5                     text5        000AA6
__ptext6                     text6        00034A
__ptext7                     text7        000320
__ptext8                     text8        000216
__ptext9                     text9        00020E
__ramtop                     ramtop       000600
__smallconst                 smallconst   000000
_arr                         dataBANK1    0001AA
_change_menu                 bssBANK0     0000AA
_change_password             bssBANK0     0000A2
_choose_flag                 bssBANK0     0000AE
_clcd_print                  text25       000524
_clcd_putch                  text24       000288
_clcd_write                  text26       0003A2
_clear                       bssBANK0     0000B0
_clear_log                   bssBANK0     0000A4
_clock_reg                   bssBANK0     000088
_count                       bssBANK0     0000AF
_dashboard                   bssBANK0     0000AD
_download_log                bssBANK0     0000A5
_enter_password              bssBANK0     0000AC
_get_time                    bssBANK0     0000A0
_i                           bssCOMRAM    00005D
_i2c_idle                    text14       000234
_i2c_read                    text12       0001F6
_i2c_rep_start               text11       0001FE
_i2c_rx_mode                 text13       0001EE
_i2c_start                   text10       000206
_i2c_stop                    text9        00020E
_i2c_write                   text8        000216
_init_adc                    text23       0002DA
_init_clcd                   text22       000784
_init_config                 text18       00025C
_init_i2c                    text21       000246
_init_matrix_keypad          text20       000222
_init_uart                   text19       000374
_log                         bssBANK0     0000A7
_log_flag                    bssBANK0     0000A8
_logs                        bssBANK1     000100
_main                        text0        0015BC
_menu                        bssBANK0     0000B2
_menu_array                  dataBANK2    000200
_password                    bssBANK0     00006B
_password1                   dataBANK0    0000F0
_putch                       text17       000272
_puts                        text16       000462
_read_adc                    text15       00041C
_read_ds1307                 text7        000320
_read_ext_eeprom             text6        00034A
_read_switches               text4        00066E
_rpm                         bssBANK0     0000B1
_scan_key                    text5        000AA6
_set_time                    bssBANK0     0000A3
_setting_log                 bssBANK0     0000A9
_store_data                  bssBANK0     000060
_store_event                 bssBANK0     0000A1
_strcmp                      text3        000590
_time                        bssBANK0     0000B3
_view_log                    bssBANK0     0000A6
_view_menu                   bssBANK0     0000AB
_write_ds1307                text2        0002BC
_write_exp_eeprom            text1        0003DC
clcd_print@addr              cstackCOMRAM 000009
clcd_print@data              cstackCOMRAM 000007
clcd_putch@addr              cstackCOMRAM 00000F
clcd_putch@data              cstackCOMRAM 000010
clcd_write@byte              cstackCOMRAM 000002
clcd_write@control_bit       cstackCOMRAM 000001
end_of_initialization        cinit        00077A
i2c_write@data               cstackCOMRAM 000001
intlevel0                    text         000000
intlevel1                    text         000000
intlevel2                    text         000000
intlevel3                    text         000000
isa$std                      (abs)        000001
isa$xinst                    (abs)        000000
main@arr                     cstackBANK0  0000BC
main@attempts                cstackBANK0  0000E2
main@change                  bssBANK0     00008F
main@change_time             cstackBANK0  0000EE
main@count                   cstackBANK0  0000CD
main@count_161               cstackBANK0  0000E8
main@delay                   bssBANK0     000084
main@elay_171                bssBANK0     000080
main@elay_177                bssBANK0     00007C
main@elay_186                bssBANK0     000078
main@elay_195                bssBANK0     000074
main@elay_205                bssBANK0     000070
main@entered                 cstackBANK0  0000D4
main@hour                    cstackBANK0  0000DF
main@i                       bssBANK0     00009B
main@i_196                   cstackBANK0  0000E3
main@index1                  bssBANK0     00009E
main@index2                  bssBANK0     00009D
main@input                   bssBANK0     00009F
main@j                       cstackBANK0  0000E9
main@k                       cstackBANK0  0000EB
main@k_183                   cstackBANK0  0000EA
main@key                     cstackBANK0  0000E5
main@key1                    cstackBANK0  0000DE
main@key2                    cstackBANK0  0000EC
main@key3                    cstackBANK0  0000E6
main@key_164                 cstackBANK0  0000CE
main@l                       cstackBANK0  0000E7
main@min                     cstackBANK0  0000E0
main@new_password            cstackBANK0  0000D9
main@re_enter                cstackBANK0  0000CF
main@sec                     cstackBANK0  0000E1
main@set_time_key            cstackBANK0  0000ED
main@t_count1                bssBANK0     000099
main@t_count2                bssBANK0     000097
main@val1                    bssBANK0     00008D
main@val2                    bssBANK0     00008B
main@view_key                bssBANK0     000091
main@view_select1            bssBANK0     000095
main@view_select2            bssBANK0     000093
putch@byte                   cstackCOMRAM 000001
puts@s                       cstackCOMRAM 000002
read_adc@channel             cstackCOMRAM 000007
read_adc@reg_val             cstackCOMRAM 000005
read_ds1307@address          cstackCOMRAM 000002
read_ds1307@data             cstackCOMRAM 000003
read_ext_eeprom@address      cstackCOMRAM 000002
read_ext_eeprom@data         cstackCOMRAM 000003
read_switches@detection_type cstackCOMRAM 000001
read_switches@key            bssCOMRAM    00005C
read_switches@once           dataCOMRAM   00005E
stackhi                      (abs)        000000
stacklo                      (abs)        000000
start                        init         000000
start_initialization         cinit        0006E4
strcmp@l                     cstackCOMRAM 000001
strcmp@r                     cstackCOMRAM 000003
write_ds1307@address         cstackCOMRAM 000003
write_ds1307@data            cstackCOMRAM 000002
write_exp_eeprom@address     cstackCOMRAM 000005
write_exp_eeprom@data        cstackCOMRAM 000002
write_exp_eeprom@i           cstackCOMRAM 000003


MODULE INFORMATION

Module		Function		Class		Link	Load	Size
matrix_keypad.c
		_init_matrix_keypad		CODE           	0222	0000	18
		_read_switches 		CODE           	066E	0000	118
		_scan_key      		CODE           	0AA6	0000	264

matrix_keypad.c estimated size: 400

uart.c
		_putch         		CODE           	0272	0000	22
		_init_uart     		CODE           	0374	0000	46
		_puts          		CODE           	0462	0000	94

uart.c estimated size: 162

C:\Program Files\Microchip\xc8\v2.36\pic\sources\c99\common\sprcdiv.c
		___fldiv       		CODE           	0D62	0000	922

C:\Program Files\Microchip\xc8\v2.36\pic\sources\c99\common\sprcdiv.c estimated size: 922

C:\Program Files\Microchip\xc8\v2.36\pic\sources\c99\common\lwmod.c
		___lwmod       		CODE           	04C0	0000	100

C:\Program Files\Microchip\xc8\v2.36\pic\sources\c99\common\lwmod.c estimated size: 100

C:\Program Files\Microchip\xc8\v2.36\pic\sources\c99\common\awmod.c
		___awmod       		CODE           	082C	0000	176

C:\Program Files\Microchip\xc8\v2.36\pic\sources\c99\common\awmod.c estimated size: 176

i2c.c
		_i2c_start     		CODE           	0206	0000	8
		_i2c_rep_start 		CODE           	01FE	0000	8
		_i2c_idle      		CODE           	0234	0000	18
		_i2c_write     		CODE           	0216	0000	12
		_i2c_stop      		CODE           	020E	0000	8
		_i2c_read      		CODE           	01F6	0000	8
		_init_i2c      		CODE           	0246	0000	22
		_i2c_rx_mode   		CODE           	01EE	0000	8

i2c.c estimated size: 92

C:\Program Files\Microchip\xc8\v2.36\pic\sources\c99\common\xxtofl.c
		___xxtofl      		CODE           	0BAE	0000	436

C:\Program Files\Microchip\xc8\v2.36\pic\sources\c99\common\xxtofl.c estimated size: 436

C:\Program Files\Microchip\xc8\v2.36\pic\sources\c99\common\strcmp.c
		_strcmp        		CODE           	0590	0000	108

C:\Program Files\Microchip\xc8\v2.36\pic\sources\c99\common\strcmp.c estimated size: 108

ds1307.c
		_read_ds1307   		CODE           	0320	0000	42
		_write_ds1307  		CODE           	02BC	0000	30

ds1307.c estimated size: 72

adc.c
		_init_adc      		CODE           	02DA	0000	32
		_read_adc      		CODE           	041C	0000	70

adc.c estimated size: 102

C:\Program Files\Microchip\xc8\v2.36\pic\sources\c99\common\sprcadd.c
		___fladd       		CODE           	10FC	0000	1216

C:\Program Files\Microchip\xc8\v2.36\pic\sources\c99\common\sprcadd.c estimated size: 1216

C:\Program Files\Microchip\xc8\v2.36\pic\sources\c99\common\awdiv.c
		___awdiv       		CODE           	08DC	0000	196

C:\Program Files\Microchip\xc8\v2.36\pic\sources\c99\common\awdiv.c estimated size: 196

C:\Program Files\Microchip\xc8\v2.36\pic\sources\c99\common\fltol.c
		___fltol       		CODE           	09A0	0000	262

C:\Program Files\Microchip\xc8\v2.36\pic\sources\c99\common\fltol.c estimated size: 262

shared
		__initialization		CODE           	06E4	0000	150

shared estimated size: 150

clcd.c
		_clcd_write    		CODE           	03A2	0000	58
		_clcd_print    		CODE           	0524	0000	108
		_clcd_putch    		CODE           	0288	0000	24
		_init_clcd     		CODE           	0784	0000	168

clcd.c estimated size: 358

ext_eeprom.c
		_write_exp_eeprom		CODE           	03DC	0000	64
		_read_ext_eeprom		CODE           	034A	0000	42

ext_eeprom.c estimated size: 106

main.c
		_main          		CODE           	15BC	0000	6432
		_init_config   		CODE           	025C	0000	22

main.c estimated size: 6454

C:\Program Files\Microchip\xc8\v2.36\pic\sources\c99\common\Umul16.c
		___wmul        		CODE           	02FA	0000	38

C:\Program Files\Microchip\xc8\v2.36\pic\sources\c99\common\Umul16.c estimated size: 38

